
> tulpar-ui@0.0.0 build C:\Source\Kaan\tulpar-ui
> pnpm -r --filter="./packages/*" run build

Scope: 4 of 8 workspace projects
packages/tokens build$ vite build && tsx build/generate-css.ts
packages/tokens build: [36mvite v5.4.21 [32mbuilding for production...[36m[39m
packages/tokens build: transforming...
packages/tokens build: [32m✓[39m 12 modules transformed.
packages/tokens build: rendering chunks...
packages/tokens build: [vite:dts] Start generate declaration files...
packages/tokens build: computing gzip size...
packages/tokens build: [2mdist/[22m[36mfallbacks.js  [39m[1m[2m 0.19 kB[22m[1m[22m[2m │ gzip: 0.17 kB[22m[2m │ map:  0.53 kB[22m
packages/tokens build: [2mdist/[22m[36mindex.js      [39m[1m[2m16.72 kB[22m[1m[22m[2m │ gzip: 4.09 kB[22m[2m │ map: 34.45 kB[22m
packages/tokens build: [vite:dts] Declaration files built in 808ms.
packages/tokens build: [32m✓ built in 928ms[39m
packages/tokens build: ✅ Generated CSS:
packages/tokens build:   C:\Source\Kaan\tulpar-ui\packages\tokens\dist\css\tulpar-light.css
packages/tokens build:   C:\Source\Kaan\tulpar-ui\packages\tokens\dist\css\tulpar-dark.css
packages/tokens build:   C:\Source\Kaan\tulpar-ui\packages\tokens\dist\css\tulpar.css
packages/tokens build: Done
packages/core build$ vite build
packages/core build: [36mvite v5.4.21 [32mbuilding for production...[36m[39m
packages/core build: transforming...
packages/core build: [32m✓[39m 9 modules transformed.
packages/core build: rendering chunks...
packages/core build: [vite:dts] Start generate declaration files...
packages/core build: computing gzip size...
packages/core build: [2mdist/[22m[36mbutton/index.js                  [39m[1m[2m 0.12 kB[22m[1m[22m[2m │ gzip: 0.13 kB[22m[2m │ map:  0.09 kB[22m
packages/core build: [2mdist/[22m[36mbutton-group/index.js            [39m[1m[2m 0.13 kB[22m[1m[22m[2m │ gzip: 0.14 kB[22m[2m │ map:  0.09 kB[22m
packages/core build: [2mdist/[22m[36mindex.js                         [39m[1m[2m 0.21 kB[22m[1m[22m[2m │ gzip: 0.16 kB[22m[2m │ map:  0.09 kB[22m
packages/core build: [2mdist/[22m[36mtulpar-button-group-BFhv5O32.js  [39m[1m[2m 3.21 kB[22m[1m[22m[2m │ gzip: 1.23 kB[22m[2m │ map:  7.31 kB[22m
packages/core build: [2mdist/[22m[36mtulpar-button-CeS5Sx_X.js        [39m[1m[2m29.09 kB[22m[1m[22m[2m │ gzip: 6.05 kB[22m[2m │ map: 45.69 kB[22m
packages/core build: [vite:dts] Declaration files built in 1211ms.
packages/core build: [32m✓ built in 1.59s[39m
packages/core build: Done
packages/angular build$ ng-packagr -p ng-package.json -c tsconfig.json
packages/vue build$ vite build
packages/angular build: Building Angular Package
packages/angular build: ------------------------------------------------------------------------------
packages/angular build: Building entry point '@tulpar-ui/angular'
packages/angular build: ------------------------------------------------------------------------------
packages/angular build: - Compiling with Angular sources in full compilation mode.
packages/angular build: [32m√[39m Compiling with Angular sources in full compilation mode.
packages/angular build: - Writing FESM and DTS bundles
packages/angular build: [32m√[39m Writing FESM and DTS bundles
packages/angular build: - Copying assets
packages/angular build: [32m√[39m Copying assets
packages/angular build: - Writing package manifest
packages/angular build: WARNING: Found a conflicting export condition for ".". The "types" condition would be overridden by ng-packagr. Please unset it.
packages/angular build: [34mi[39m Removing scripts section in package.json as it's considered a potential security vulnerability.
packages/angular build: [34mi[39m Removing devDependencies section in package.json.
packages/angular build: [32m√[39m Writing package manifest
packages/angular build: [32m√[39m Built @tulpar-ui/angular
packages/angular build: ------------------------------------------------------------------------------
packages/angular build: Built Angular Package
packages/angular build: - from: C:/Source/Kaan/tulpar-ui/packages/angular
packages/angular build: - to:   C:/Source/Kaan/tulpar-ui/packages/angular/dist
packages/angular build: ------------------------------------------------------------------------------
packages/angular build: Build at: 2026-06-09T13:24:39.120Z - Time: 2490ms
packages/angular build: Done
packages/vue build: [36mvite v5.4.21 [32mbuilding for production...[36m[39m
packages/vue build: transforming...
packages/vue build: [32m✓[39m 22 modules transformed.
packages/vue build: rendering chunks...
packages/vue build: [vite:dts] Start generate declaration files...
packages/vue build: computing gzip size...
packages/vue build: [2mdist/[22m[36mindex.js  [39m[1m[2m55.13 kB[22m[1m[22m[2m │ gzip: 13.88 kB[22m[2m │ map: 86.00 kB[22m
packages/vue build: [vite:dts] Declaration files built in 2248ms.
packages/vue build: [32m✓ built in 2.67s[39m
packages/vue build: Done
